// Jest Snapshot v1, https://goo.gl/fbAQLP

exports[`Carpark renders Carpark that matches the snapshot 1`] = `
<Provider
  store={
    Object {
      "clearActions": [Function],
      "dispatch": [Function],
      "getActions": [Function],
      "getState": [Function],
      "replaceReducer": [Function],
      "subscribe": [Function],
    }
  }
>
  <Connect(Carpark)>
    <Carpark
      bus={
        Object {
          "location": Object {
            "f": "NORTH",
            "x": 0,
            "y": 0,
          },
        }
      }
      dispatch={[Function]}
    >
      <CarparkGrid
        dimension={5}
        gap="2px"
      >
        <StyledComponent
          dimension={5}
          forwardedComponent={
            Object {
              "$$typeof": Symbol(react.forward_ref),
              "attrs": Array [
                [Function],
              ],
              "componentStyle": ComponentStyle {
                "componentId": "CarparkGrid-cManIN",
                "isStatic": false,
                "lastClassName": "jaaEQW",
                "rules": Array [
                  "display:grid;height:",
                  [Function],
                  ";grid-auto-flow:",
                  [Function],
                  ";grid-auto-rows:",
                  [Function],
                  ";",
                  [Function],
                  ";grid-template-columns:",
                  [Function],
                  ";grid-gap:",
                  [Function],
                  ";",
                  [Function],
                  ";",
                  [Function],
                  ";",
                  [Function],
                  ";",
                  [Function],
                  ";",
                  [Function],
                  ";",
                  "padding:2px;border:1px solid lightgrey;border-radius:4px;",
                ],
              },
              "displayName": "CarparkGrid",
              "foldedComponentIds": Array [
                "Grid__Grid-bojwg",
              ],
              "propTypes": Object {
                "alignContent": [Function],
                "areas": [Function],
                "className": [Function],
                "columnGap": [Function],
                "columns": [Function],
                "flow": [Function],
                "gap": [Function],
                "height": [Function],
                "justifyContent": [Function],
                "minRowHeight": [Function],
                "rowGap": [Function],
                "rows": [Function],
              },
              "render": [Function],
              "styledComponentId": "CarparkGrid-cManIN",
              "target": "div",
              "toString": [Function],
              "warnTooManyClasses": [Function],
              "withComponent": [Function],
            }
          }
          forwardedRef={null}
          gap="2px"
        >
          <div
            className="Grid__Grid-bojwg CarparkGrid-cManIN jaaEQW"
            rows="repeat(5, 64px)"
          >
            <SpaceCell
              key="0,4"
            >
              <StyledComponent
                forwardedComponent={
                  Object {
                    "$$typeof": Symbol(react.forward_ref),
                    "attrs": Array [],
                    "componentStyle": ComponentStyle {
                      "componentId": "SpaceCell-cxtDte",
                      "isStatic": false,
                      "lastClassName": "cVNXeV",
                      "rules": Array [
                        "height:100%;min-width:0;grid-column-end:",
                        [Function],
                        ";grid-row-end:",
                        [Function],
                        ";",
                        [Function],
                        ";",
                        [Function],
                        ";",
                        [Function],
                        ";",
                        [Function],
                        ";",
                        [Function],
                        ";",
                        "background-color:lightblue;",
                      ],
                    },
                    "displayName": "SpaceCell",
                    "foldedComponentIds": Array [
                      "Cell__Cell-jsYrZv",
                    ],
                    "propTypes": Object {
                      "area": [Function],
                      "center": [Function],
                      "className": [Function],
                      "height": [Function],
                      "left": [Function],
                      "middle": [Function],
                      "top": [Function],
                      "width": [Function],
                    },
                    "render": [Function],
                    "styledComponentId": "SpaceCell-cxtDte",
                    "target": "div",
                    "toString": [Function],
                    "warnTooManyClasses": [Function],
                    "withComponent": [Function],
                  }
                }
                forwardedRef={null}
              >
                <div
                  className="Cell__Cell-jsYrZv SpaceCell-cxtDte cVNXeV"
                />
              </StyledComponent>
            </SpaceCell>
            <SpaceCell
              key="1,4"
            >
              <StyledComponent
                forwardedComponent={
                  Object {
                    "$$typeof": Symbol(react.forward_ref),
                    "attrs": Array [],
                    "componentStyle": ComponentStyle {
                      "componentId": "SpaceCell-cxtDte",
                      "isStatic": false,
                      "lastClassName": "cVNXeV",
                      "rules": Array [
                        "height:100%;min-width:0;grid-column-end:",
                        [Function],
                        ";grid-row-end:",
                        [Function],
                        ";",
                        [Function],
                        ";",
                        [Function],
                        ";",
                        [Function],
                        ";",
                        [Function],
                        ";",
                        [Function],
                        ";",
                        "background-color:lightblue;",
                      ],
                    },
                    "displayName": "SpaceCell",
                    "foldedComponentIds": Array [
                      "Cell__Cell-jsYrZv",
                    ],
                    "propTypes": Object {
                      "area": [Function],
                      "center": [Function],
                      "className": [Function],
                      "height": [Function],
                      "left": [Function],
                      "middle": [Function],
                      "top": [Function],
                      "width": [Function],
                    },
                    "render": [Function],
                    "styledComponentId": "SpaceCell-cxtDte",
                    "target": "div",
                    "toString": [Function],
                    "warnTooManyClasses": [Function],
                    "withComponent": [Function],
                  }
                }
                forwardedRef={null}
              >
                <div
                  className="Cell__Cell-jsYrZv SpaceCell-cxtDte cVNXeV"
                />
              </StyledComponent>
            </SpaceCell>
            <SpaceCell
              key="2,4"
            >
              <StyledComponent
                forwardedComponent={
                  Object {
                    "$$typeof": Symbol(react.forward_ref),
                    "attrs": Array [],
                    "componentStyle": ComponentStyle {
                      "componentId": "SpaceCell-cxtDte",
                      "isStatic": false,
                      "lastClassName": "cVNXeV",
                      "rules": Array [
                        "height:100%;min-width:0;grid-column-end:",
                        [Function],
                        ";grid-row-end:",
                        [Function],
                        ";",
                        [Function],
                        ";",
                        [Function],
                        ";",
                        [Function],
                        ";",
                        [Function],
                        ";",
                        [Function],
                        ";",
                        "background-color:lightblue;",
                      ],
                    },
                    "displayName": "SpaceCell",
                    "foldedComponentIds": Array [
                      "Cell__Cell-jsYrZv",
                    ],
                    "propTypes": Object {
                      "area": [Function],
                      "center": [Function],
                      "className": [Function],
                      "height": [Function],
                      "left": [Function],
                      "middle": [Function],
                      "top": [Function],
                      "width": [Function],
                    },
                    "render": [Function],
                    "styledComponentId": "SpaceCell-cxtDte",
                    "target": "div",
                    "toString": [Function],
                    "warnTooManyClasses": [Function],
                    "withComponent": [Function],
                  }
                }
                forwardedRef={null}
              >
                <div
                  className="Cell__Cell-jsYrZv SpaceCell-cxtDte cVNXeV"
                />
              </StyledComponent>
            </SpaceCell>
            <SpaceCell
              key="3,4"
            >
              <StyledComponent
                forwardedComponent={
                  Object {
                    "$$typeof": Symbol(react.forward_ref),
                    "attrs": Array [],
                    "componentStyle": ComponentStyle {
                      "componentId": "SpaceCell-cxtDte",
                      "isStatic": false,
                      "lastClassName": "cVNXeV",
                      "rules": Array [
                        "height:100%;min-width:0;grid-column-end:",
                        [Function],
                        ";grid-row-end:",
                        [Function],
                        ";",
                        [Function],
                        ";",
                        [Function],
                        ";",
                        [Function],
                        ";",
                        [Function],
                        ";",
                        [Function],
                        ";",
                        "background-color:lightblue;",
                      ],
                    },
                    "displayName": "SpaceCell",
                    "foldedComponentIds": Array [
                      "Cell__Cell-jsYrZv",
                    ],
                    "propTypes": Object {
                      "area": [Function],
                      "center": [Function],
                      "className": [Function],
                      "height": [Function],
                      "left": [Function],
                      "middle": [Function],
                      "top": [Function],
                      "width": [Function],
                    },
                    "render": [Function],
                    "styledComponentId": "SpaceCell-cxtDte",
                    "target": "div",
                    "toString": [Function],
                    "warnTooManyClasses": [Function],
                    "withComponent": [Function],
                  }
                }
                forwardedRef={null}
              >
                <div
                  className="Cell__Cell-jsYrZv SpaceCell-cxtDte cVNXeV"
                />
              </StyledComponent>
            </SpaceCell>
            <SpaceCell
              key="4,4"
            >
              <StyledComponent
                forwardedComponent={
                  Object {
                    "$$typeof": Symbol(react.forward_ref),
                    "attrs": Array [],
                    "componentStyle": ComponentStyle {
                      "componentId": "SpaceCell-cxtDte",
                      "isStatic": false,
                      "lastClassName": "cVNXeV",
                      "rules": Array [
                        "height:100%;min-width:0;grid-column-end:",
                        [Function],
                        ";grid-row-end:",
                        [Function],
                        ";",
                        [Function],
                        ";",
                        [Function],
                        ";",
                        [Function],
                        ";",
                        [Function],
                        ";",
                        [Function],
                        ";",
                        "background-color:lightblue;",
                      ],
                    },
                    "displayName": "SpaceCell",
                    "foldedComponentIds": Array [
                      "Cell__Cell-jsYrZv",
                    ],
                    "propTypes": Object {
                      "area": [Function],
                      "center": [Function],
                      "className": [Function],
                      "height": [Function],
                      "left": [Function],
                      "middle": [Function],
                      "top": [Function],
                      "width": [Function],
                    },
                    "render": [Function],
                    "styledComponentId": "SpaceCell-cxtDte",
                    "target": "div",
                    "toString": [Function],
                    "warnTooManyClasses": [Function],
                    "withComponent": [Function],
                  }
                }
                forwardedRef={null}
              >
                <div
                  className="Cell__Cell-jsYrZv SpaceCell-cxtDte cVNXeV"
                />
              </StyledComponent>
            </SpaceCell>
            <SpaceCell
              key="0,3"
            >
              <StyledComponent
                forwardedComponent={
                  Object {
                    "$$typeof": Symbol(react.forward_ref),
                    "attrs": Array [],
                    "componentStyle": ComponentStyle {
                      "componentId": "SpaceCell-cxtDte",
                      "isStatic": false,
                      "lastClassName": "cVNXeV",
                      "rules": Array [
                        "height:100%;min-width:0;grid-column-end:",
                        [Function],
                        ";grid-row-end:",
                        [Function],
                        ";",
                        [Function],
                        ";",
                        [Function],
                        ";",
                        [Function],
                        ";",
                        [Function],
                        ";",
                        [Function],
                        ";",
                        "background-color:lightblue;",
                      ],
                    },
                    "displayName": "SpaceCell",
                    "foldedComponentIds": Array [
                      "Cell__Cell-jsYrZv",
                    ],
                    "propTypes": Object {
                      "area": [Function],
                      "center": [Function],
                      "className": [Function],
                      "height": [Function],
                      "left": [Function],
                      "middle": [Function],
                      "top": [Function],
                      "width": [Function],
                    },
                    "render": [Function],
                    "styledComponentId": "SpaceCell-cxtDte",
                    "target": "div",
                    "toString": [Function],
                    "warnTooManyClasses": [Function],
                    "withComponent": [Function],
                  }
                }
                forwardedRef={null}
              >
                <div
                  className="Cell__Cell-jsYrZv SpaceCell-cxtDte cVNXeV"
                />
              </StyledComponent>
            </SpaceCell>
            <SpaceCell
              key="1,3"
            >
              <StyledComponent
                forwardedComponent={
                  Object {
                    "$$typeof": Symbol(react.forward_ref),
                    "attrs": Array [],
                    "componentStyle": ComponentStyle {
                      "componentId": "SpaceCell-cxtDte",
                      "isStatic": false,
                      "lastClassName": "cVNXeV",
                      "rules": Array [
                        "height:100%;min-width:0;grid-column-end:",
                        [Function],
                        ";grid-row-end:",
                        [Function],
                        ";",
                        [Function],
                        ";",
                        [Function],
                        ";",
                        [Function],
                        ";",
                        [Function],
                        ";",
                        [Function],
                        ";",
                        "background-color:lightblue;",
                      ],
                    },
                    "displayName": "SpaceCell",
                    "foldedComponentIds": Array [
                      "Cell__Cell-jsYrZv",
                    ],
                    "propTypes": Object {
                      "area": [Function],
                      "center": [Function],
                      "className": [Function],
                      "height": [Function],
                      "left": [Function],
                      "middle": [Function],
                      "top": [Function],
                      "width": [Function],
                    },
                    "render": [Function],
                    "styledComponentId": "SpaceCell-cxtDte",
                    "target": "div",
                    "toString": [Function],
                    "warnTooManyClasses": [Function],
                    "withComponent": [Function],
                  }
                }
                forwardedRef={null}
              >
                <div
                  className="Cell__Cell-jsYrZv SpaceCell-cxtDte cVNXeV"
                />
              </StyledComponent>
            </SpaceCell>
            <SpaceCell
              key="2,3"
            >
              <StyledComponent
                forwardedComponent={
                  Object {
                    "$$typeof": Symbol(react.forward_ref),
                    "attrs": Array [],
                    "componentStyle": ComponentStyle {
                      "componentId": "SpaceCell-cxtDte",
                      "isStatic": false,
                      "lastClassName": "cVNXeV",
                      "rules": Array [
                        "height:100%;min-width:0;grid-column-end:",
                        [Function],
                        ";grid-row-end:",
                        [Function],
                        ";",
                        [Function],
                        ";",
                        [Function],
                        ";",
                        [Function],
                        ";",
                        [Function],
                        ";",
                        [Function],
                        ";",
                        "background-color:lightblue;",
                      ],
                    },
                    "displayName": "SpaceCell",
                    "foldedComponentIds": Array [
                      "Cell__Cell-jsYrZv",
                    ],
                    "propTypes": Object {
                      "area": [Function],
                      "center": [Function],
                      "className": [Function],
                      "height": [Function],
                      "left": [Function],
                      "middle": [Function],
                      "top": [Function],
                      "width": [Function],
                    },
                    "render": [Function],
                    "styledComponentId": "SpaceCell-cxtDte",
                    "target": "div",
                    "toString": [Function],
                    "warnTooManyClasses": [Function],
                    "withComponent": [Function],
                  }
                }
                forwardedRef={null}
              >
                <div
                  className="Cell__Cell-jsYrZv SpaceCell-cxtDte cVNXeV"
                />
              </StyledComponent>
            </SpaceCell>
            <SpaceCell
              key="3,3"
            >
              <StyledComponent
                forwardedComponent={
                  Object {
                    "$$typeof": Symbol(react.forward_ref),
                    "attrs": Array [],
                    "componentStyle": ComponentStyle {
                      "componentId": "SpaceCell-cxtDte",
                      "isStatic": false,
                      "lastClassName": "cVNXeV",
                      "rules": Array [
                        "height:100%;min-width:0;grid-column-end:",
                        [Function],
                        ";grid-row-end:",
                        [Function],
                        ";",
                        [Function],
                        ";",
                        [Function],
                        ";",
                        [Function],
                        ";",
                        [Function],
                        ";",
                        [Function],
                        ";",
                        "background-color:lightblue;",
                      ],
                    },
                    "displayName": "SpaceCell",
                    "foldedComponentIds": Array [
                      "Cell__Cell-jsYrZv",
                    ],
                    "propTypes": Object {
                      "area": [Function],
                      "center": [Function],
                      "className": [Function],
                      "height": [Function],
                      "left": [Function],
                      "middle": [Function],
                      "top": [Function],
                      "width": [Function],
                    },
                    "render": [Function],
                    "styledComponentId": "SpaceCell-cxtDte",
                    "target": "div",
                    "toString": [Function],
                    "warnTooManyClasses": [Function],
                    "withComponent": [Function],
                  }
                }
                forwardedRef={null}
              >
                <div
                  className="Cell__Cell-jsYrZv SpaceCell-cxtDte cVNXeV"
                />
              </StyledComponent>
            </SpaceCell>
            <SpaceCell
              key="4,3"
            >
              <StyledComponent
                forwardedComponent={
                  Object {
                    "$$typeof": Symbol(react.forward_ref),
                    "attrs": Array [],
                    "componentStyle": ComponentStyle {
                      "componentId": "SpaceCell-cxtDte",
                      "isStatic": false,
                      "lastClassName": "cVNXeV",
                      "rules": Array [
                        "height:100%;min-width:0;grid-column-end:",
                        [Function],
                        ";grid-row-end:",
                        [Function],
                        ";",
                        [Function],
                        ";",
                        [Function],
                        ";",
                        [Function],
                        ";",
                        [Function],
                        ";",
                        [Function],
                        ";",
                        "background-color:lightblue;",
                      ],
                    },
                    "displayName": "SpaceCell",
                    "foldedComponentIds": Array [
                      "Cell__Cell-jsYrZv",
                    ],
                    "propTypes": Object {
                      "area": [Function],
                      "center": [Function],
                      "className": [Function],
                      "height": [Function],
                      "left": [Function],
                      "middle": [Function],
                      "top": [Function],
                      "width": [Function],
                    },
                    "render": [Function],
                    "styledComponentId": "SpaceCell-cxtDte",
                    "target": "div",
                    "toString": [Function],
                    "warnTooManyClasses": [Function],
                    "withComponent": [Function],
                  }
                }
                forwardedRef={null}
              >
                <div
                  className="Cell__Cell-jsYrZv SpaceCell-cxtDte cVNXeV"
                />
              </StyledComponent>
            </SpaceCell>
            <SpaceCell
              key="0,2"
            >
              <StyledComponent
                forwardedComponent={
                  Object {
                    "$$typeof": Symbol(react.forward_ref),
                    "attrs": Array [],
                    "componentStyle": ComponentStyle {
                      "componentId": "SpaceCell-cxtDte",
                      "isStatic": false,
                      "lastClassName": "cVNXeV",
                      "rules": Array [
                        "height:100%;min-width:0;grid-column-end:",
                        [Function],
                        ";grid-row-end:",
                        [Function],
                        ";",
                        [Function],
                        ";",
                        [Function],
                        ";",
                        [Function],
                        ";",
                        [Function],
                        ";",
                        [Function],
                        ";",
                        "background-color:lightblue;",
                      ],
                    },
                    "displayName": "SpaceCell",
                    "foldedComponentIds": Array [
                      "Cell__Cell-jsYrZv",
                    ],
                    "propTypes": Object {
                      "area": [Function],
                      "center": [Function],
                      "className": [Function],
                      "height": [Function],
                      "left": [Function],
                      "middle": [Function],
                      "top": [Function],
                      "width": [Function],
                    },
                    "render": [Function],
                    "styledComponentId": "SpaceCell-cxtDte",
                    "target": "div",
                    "toString": [Function],
                    "warnTooManyClasses": [Function],
                    "withComponent": [Function],
                  }
                }
                forwardedRef={null}
              >
                <div
                  className="Cell__Cell-jsYrZv SpaceCell-cxtDte cVNXeV"
                />
              </StyledComponent>
            </SpaceCell>
            <SpaceCell
              key="1,2"
            >
              <StyledComponent
                forwardedComponent={
                  Object {
                    "$$typeof": Symbol(react.forward_ref),
                    "attrs": Array [],
                    "componentStyle": ComponentStyle {
                      "componentId": "SpaceCell-cxtDte",
                      "isStatic": false,
                      "lastClassName": "cVNXeV",
                      "rules": Array [
                        "height:100%;min-width:0;grid-column-end:",
                        [Function],
                        ";grid-row-end:",
                        [Function],
                        ";",
                        [Function],
                        ";",
                        [Function],
                        ";",
                        [Function],
                        ";",
                        [Function],
                        ";",
                        [Function],
                        ";",
                        "background-color:lightblue;",
                      ],
                    },
                    "displayName": "SpaceCell",
                    "foldedComponentIds": Array [
                      "Cell__Cell-jsYrZv",
                    ],
                    "propTypes": Object {
                      "area": [Function],
                      "center": [Function],
                      "className": [Function],
                      "height": [Function],
                      "left": [Function],
                      "middle": [Function],
                      "top": [Function],
                      "width": [Function],
                    },
                    "render": [Function],
                    "styledComponentId": "SpaceCell-cxtDte",
                    "target": "div",
                    "toString": [Function],
                    "warnTooManyClasses": [Function],
                    "withComponent": [Function],
                  }
                }
                forwardedRef={null}
              >
                <div
                  className="Cell__Cell-jsYrZv SpaceCell-cxtDte cVNXeV"
                />
              </StyledComponent>
            </SpaceCell>
            <SpaceCell
              key="2,2"
            >
              <StyledComponent
                forwardedComponent={
                  Object {
                    "$$typeof": Symbol(react.forward_ref),
                    "attrs": Array [],
                    "componentStyle": ComponentStyle {
                      "componentId": "SpaceCell-cxtDte",
                      "isStatic": false,
                      "lastClassName": "cVNXeV",
                      "rules": Array [
                        "height:100%;min-width:0;grid-column-end:",
                        [Function],
                        ";grid-row-end:",
                        [Function],
                        ";",
                        [Function],
                        ";",
                        [Function],
                        ";",
                        [Function],
                        ";",
                        [Function],
                        ";",
                        [Function],
                        ";",
                        "background-color:lightblue;",
                      ],
                    },
                    "displayName": "SpaceCell",
                    "foldedComponentIds": Array [
                      "Cell__Cell-jsYrZv",
                    ],
                    "propTypes": Object {
                      "area": [Function],
                      "center": [Function],
                      "className": [Function],
                      "height": [Function],
                      "left": [Function],
                      "middle": [Function],
                      "top": [Function],
                      "width": [Function],
                    },
                    "render": [Function],
                    "styledComponentId": "SpaceCell-cxtDte",
                    "target": "div",
                    "toString": [Function],
                    "warnTooManyClasses": [Function],
                    "withComponent": [Function],
                  }
                }
                forwardedRef={null}
              >
                <div
                  className="Cell__Cell-jsYrZv SpaceCell-cxtDte cVNXeV"
                />
              </StyledComponent>
            </SpaceCell>
            <SpaceCell
              key="3,2"
            >
              <StyledComponent
                forwardedComponent={
                  Object {
                    "$$typeof": Symbol(react.forward_ref),
                    "attrs": Array [],
                    "componentStyle": ComponentStyle {
                      "componentId": "SpaceCell-cxtDte",
                      "isStatic": false,
                      "lastClassName": "cVNXeV",
                      "rules": Array [
                        "height:100%;min-width:0;grid-column-end:",
                        [Function],
                        ";grid-row-end:",
                        [Function],
                        ";",
                        [Function],
                        ";",
                        [Function],
                        ";",
                        [Function],
                        ";",
                        [Function],
                        ";",
                        [Function],
                        ";",
                        "background-color:lightblue;",
                      ],
                    },
                    "displayName": "SpaceCell",
                    "foldedComponentIds": Array [
                      "Cell__Cell-jsYrZv",
                    ],
                    "propTypes": Object {
                      "area": [Function],
                      "center": [Function],
                      "className": [Function],
                      "height": [Function],
                      "left": [Function],
                      "middle": [Function],
                      "top": [Function],
                      "width": [Function],
                    },
                    "render": [Function],
                    "styledComponentId": "SpaceCell-cxtDte",
                    "target": "div",
                    "toString": [Function],
                    "warnTooManyClasses": [Function],
                    "withComponent": [Function],
                  }
                }
                forwardedRef={null}
              >
                <div
                  className="Cell__Cell-jsYrZv SpaceCell-cxtDte cVNXeV"
                />
              </StyledComponent>
            </SpaceCell>
            <SpaceCell
              key="4,2"
            >
              <StyledComponent
                forwardedComponent={
                  Object {
                    "$$typeof": Symbol(react.forward_ref),
                    "attrs": Array [],
                    "componentStyle": ComponentStyle {
                      "componentId": "SpaceCell-cxtDte",
                      "isStatic": false,
                      "lastClassName": "cVNXeV",
                      "rules": Array [
                        "height:100%;min-width:0;grid-column-end:",
                        [Function],
                        ";grid-row-end:",
                        [Function],
                        ";",
                        [Function],
                        ";",
                        [Function],
                        ";",
                        [Function],
                        ";",
                        [Function],
                        ";",
                        [Function],
                        ";",
                        "background-color:lightblue;",
                      ],
                    },
                    "displayName": "SpaceCell",
                    "foldedComponentIds": Array [
                      "Cell__Cell-jsYrZv",
                    ],
                    "propTypes": Object {
                      "area": [Function],
                      "center": [Function],
                      "className": [Function],
                      "height": [Function],
                      "left": [Function],
                      "middle": [Function],
                      "top": [Function],
                      "width": [Function],
                    },
                    "render": [Function],
                    "styledComponentId": "SpaceCell-cxtDte",
                    "target": "div",
                    "toString": [Function],
                    "warnTooManyClasses": [Function],
                    "withComponent": [Function],
                  }
                }
                forwardedRef={null}
              >
                <div
                  className="Cell__Cell-jsYrZv SpaceCell-cxtDte cVNXeV"
                />
              </StyledComponent>
            </SpaceCell>
            <SpaceCell
              key="0,1"
            >
              <StyledComponent
                forwardedComponent={
                  Object {
                    "$$typeof": Symbol(react.forward_ref),
                    "attrs": Array [],
                    "componentStyle": ComponentStyle {
                      "componentId": "SpaceCell-cxtDte",
                      "isStatic": false,
                      "lastClassName": "cVNXeV",
                      "rules": Array [
                        "height:100%;min-width:0;grid-column-end:",
                        [Function],
                        ";grid-row-end:",
                        [Function],
                        ";",
                        [Function],
                        ";",
                        [Function],
                        ";",
                        [Function],
                        ";",
                        [Function],
                        ";",
                        [Function],
                        ";",
                        "background-color:lightblue;",
                      ],
                    },
                    "displayName": "SpaceCell",
                    "foldedComponentIds": Array [
                      "Cell__Cell-jsYrZv",
                    ],
                    "propTypes": Object {
                      "area": [Function],
                      "center": [Function],
                      "className": [Function],
                      "height": [Function],
                      "left": [Function],
                      "middle": [Function],
                      "top": [Function],
                      "width": [Function],
                    },
                    "render": [Function],
                    "styledComponentId": "SpaceCell-cxtDte",
                    "target": "div",
                    "toString": [Function],
                    "warnTooManyClasses": [Function],
                    "withComponent": [Function],
                  }
                }
                forwardedRef={null}
              >
                <div
                  className="Cell__Cell-jsYrZv SpaceCell-cxtDte cVNXeV"
                />
              </StyledComponent>
            </SpaceCell>
            <SpaceCell
              key="1,1"
            >
              <StyledComponent
                forwardedComponent={
                  Object {
                    "$$typeof": Symbol(react.forward_ref),
                    "attrs": Array [],
                    "componentStyle": ComponentStyle {
                      "componentId": "SpaceCell-cxtDte",
                      "isStatic": false,
                      "lastClassName": "cVNXeV",
                      "rules": Array [
                        "height:100%;min-width:0;grid-column-end:",
                        [Function],
                        ";grid-row-end:",
                        [Function],
                        ";",
                        [Function],
                        ";",
                        [Function],
                        ";",
                        [Function],
                        ";",
                        [Function],
                        ";",
                        [Function],
                        ";",
                        "background-color:lightblue;",
                      ],
                    },
                    "displayName": "SpaceCell",
                    "foldedComponentIds": Array [
                      "Cell__Cell-jsYrZv",
                    ],
                    "propTypes": Object {
                      "area": [Function],
                      "center": [Function],
                      "className": [Function],
                      "height": [Function],
                      "left": [Function],
                      "middle": [Function],
                      "top": [Function],
                      "width": [Function],
                    },
                    "render": [Function],
                    "styledComponentId": "SpaceCell-cxtDte",
                    "target": "div",
                    "toString": [Function],
                    "warnTooManyClasses": [Function],
                    "withComponent": [Function],
                  }
                }
                forwardedRef={null}
              >
                <div
                  className="Cell__Cell-jsYrZv SpaceCell-cxtDte cVNXeV"
                />
              </StyledComponent>
            </SpaceCell>
            <SpaceCell
              key="2,1"
            >
              <StyledComponent
                forwardedComponent={
                  Object {
                    "$$typeof": Symbol(react.forward_ref),
                    "attrs": Array [],
                    "componentStyle": ComponentStyle {
                      "componentId": "SpaceCell-cxtDte",
                      "isStatic": false,
                      "lastClassName": "cVNXeV",
                      "rules": Array [
                        "height:100%;min-width:0;grid-column-end:",
                        [Function],
                        ";grid-row-end:",
                        [Function],
                        ";",
                        [Function],
                        ";",
                        [Function],
                        ";",
                        [Function],
                        ";",
                        [Function],
                        ";",
                        [Function],
                        ";",
                        "background-color:lightblue;",
                      ],
                    },
                    "displayName": "SpaceCell",
                    "foldedComponentIds": Array [
                      "Cell__Cell-jsYrZv",
                    ],
                    "propTypes": Object {
                      "area": [Function],
                      "center": [Function],
                      "className": [Function],
                      "height": [Function],
                      "left": [Function],
                      "middle": [Function],
                      "top": [Function],
                      "width": [Function],
                    },
                    "render": [Function],
                    "styledComponentId": "SpaceCell-cxtDte",
                    "target": "div",
                    "toString": [Function],
                    "warnTooManyClasses": [Function],
                    "withComponent": [Function],
                  }
                }
                forwardedRef={null}
              >
                <div
                  className="Cell__Cell-jsYrZv SpaceCell-cxtDte cVNXeV"
                />
              </StyledComponent>
            </SpaceCell>
            <SpaceCell
              key="3,1"
            >
              <StyledComponent
                forwardedComponent={
                  Object {
                    "$$typeof": Symbol(react.forward_ref),
                    "attrs": Array [],
                    "componentStyle": ComponentStyle {
                      "componentId": "SpaceCell-cxtDte",
                      "isStatic": false,
                      "lastClassName": "cVNXeV",
                      "rules": Array [
                        "height:100%;min-width:0;grid-column-end:",
                        [Function],
                        ";grid-row-end:",
                        [Function],
                        ";",
                        [Function],
                        ";",
                        [Function],
                        ";",
                        [Function],
                        ";",
                        [Function],
                        ";",
                        [Function],
                        ";",
                        "background-color:lightblue;",
                      ],
                    },
                    "displayName": "SpaceCell",
                    "foldedComponentIds": Array [
                      "Cell__Cell-jsYrZv",
                    ],
                    "propTypes": Object {
                      "area": [Function],
                      "center": [Function],
                      "className": [Function],
                      "height": [Function],
                      "left": [Function],
                      "middle": [Function],
                      "top": [Function],
                      "width": [Function],
                    },
                    "render": [Function],
                    "styledComponentId": "SpaceCell-cxtDte",
                    "target": "div",
                    "toString": [Function],
                    "warnTooManyClasses": [Function],
                    "withComponent": [Function],
                  }
                }
                forwardedRef={null}
              >
                <div
                  className="Cell__Cell-jsYrZv SpaceCell-cxtDte cVNXeV"
                />
              </StyledComponent>
            </SpaceCell>
            <SpaceCell
              key="4,1"
            >
              <StyledComponent
                forwardedComponent={
                  Object {
                    "$$typeof": Symbol(react.forward_ref),
                    "attrs": Array [],
                    "componentStyle": ComponentStyle {
                      "componentId": "SpaceCell-cxtDte",
                      "isStatic": false,
                      "lastClassName": "cVNXeV",
                      "rules": Array [
                        "height:100%;min-width:0;grid-column-end:",
                        [Function],
                        ";grid-row-end:",
                        [Function],
                        ";",
                        [Function],
                        ";",
                        [Function],
                        ";",
                        [Function],
                        ";",
                        [Function],
                        ";",
                        [Function],
                        ";",
                        "background-color:lightblue;",
                      ],
                    },
                    "displayName": "SpaceCell",
                    "foldedComponentIds": Array [
                      "Cell__Cell-jsYrZv",
                    ],
                    "propTypes": Object {
                      "area": [Function],
                      "center": [Function],
                      "className": [Function],
                      "height": [Function],
                      "left": [Function],
                      "middle": [Function],
                      "top": [Function],
                      "width": [Function],
                    },
                    "render": [Function],
                    "styledComponentId": "SpaceCell-cxtDte",
                    "target": "div",
                    "toString": [Function],
                    "warnTooManyClasses": [Function],
                    "withComponent": [Function],
                  }
                }
                forwardedRef={null}
              >
                <div
                  className="Cell__Cell-jsYrZv SpaceCell-cxtDte cVNXeV"
                />
              </StyledComponent>
            </SpaceCell>
            <SpaceCell
              key="0,0"
            >
              <StyledComponent
                forwardedComponent={
                  Object {
                    "$$typeof": Symbol(react.forward_ref),
                    "attrs": Array [],
                    "componentStyle": ComponentStyle {
                      "componentId": "SpaceCell-cxtDte",
                      "isStatic": false,
                      "lastClassName": "cVNXeV",
                      "rules": Array [
                        "height:100%;min-width:0;grid-column-end:",
                        [Function],
                        ";grid-row-end:",
                        [Function],
                        ";",
                        [Function],
                        ";",
                        [Function],
                        ";",
                        [Function],
                        ";",
                        [Function],
                        ";",
                        [Function],
                        ";",
                        "background-color:lightblue;",
                      ],
                    },
                    "displayName": "SpaceCell",
                    "foldedComponentIds": Array [
                      "Cell__Cell-jsYrZv",
                    ],
                    "propTypes": Object {
                      "area": [Function],
                      "center": [Function],
                      "className": [Function],
                      "height": [Function],
                      "left": [Function],
                      "middle": [Function],
                      "top": [Function],
                      "width": [Function],
                    },
                    "render": [Function],
                    "styledComponentId": "SpaceCell-cxtDte",
                    "target": "div",
                    "toString": [Function],
                    "warnTooManyClasses": [Function],
                    "withComponent": [Function],
                  }
                }
                forwardedRef={null}
              >
                <div
                  className="Cell__Cell-jsYrZv SpaceCell-cxtDte cVNXeV"
                >
                  <BusIcon
                    facing="NORTH"
                  >
                    <svg
                      height="64"
                      width="64"
                      xmlns="http://www.w3.org/2000/svg"
                    >
                      <metadata
                        id="metadata8"
                      >
                        image/svg+xml
                      </metadata>
                      <g>
                        <title>
                          Layer 1
                        </title>
                        <g
                          id="g10"
                          transform="rotate(270 32,32) scale(0.1 0.1)"
                        >
                          <path
                            d="m37.92889,243.69876c-3.70825,14.93497 -4.67807,42.61874 -4.67807,70.34998c0,27.63626 0.96982,55.31875 4.61963,70.20626c2.73999,11.60877 13.4047,17.17374 28.80741,16.74625l453.89953,0c20.53351,0.1875 39.92932,0.23624 48.93927,-1.19125c19.96393,-3.23624 33.9411,-8.98877 37.0199,-18.50251c5.8772,-17.54998 8.60968,-42.42874 8.60968,-67.30749c0,-24.87625 -2.67853,-49.79999 -8.55273,-67.35376c-3.08026,-9.51126 -17.11292,-15.21997 -37.07685,-18.45499c-9.00995,-1.42752 -28.40576,-1.42752 -48.93927,-1.23623l-453.89953,0c-15.40271,-0.38004 -26.00897,5.13873 -28.74896,16.74374"
                            fill="#2a7fff"
                            fillRule="evenodd"
                            id="path342"
                          />
                          <path
                            d="m493.61499,398.42749l-66.40118,-3.45999c-8.42005,-0.43625 -13.27259,-2.39374 -13.74506,-4.25376l-1.43127,-5.49124c-0.28376,-1.14126 3.80627,-1.94748 9.94256,-1.94748l12.84497,0c13.88752,0 25.305,0.50998 33.53131,1.75126l26.40241,3.99246c5.75629,0.85876 9.84503,2.065 9.79748,3.52374l-0.09497,4.61127c0,0.88125 -5.94745,1.5325 -10.84625,1.27374"
                            fill="#8d8f93"
                            fillRule="evenodd"
                            id="path344"
                          />
                          <path
                            d="m464.02997,384.97125l4.945,11.70001l-41.66748,-2.1875c-2.945,-0.14251 -5.94256,-0.57125 -8.84753,-1.285c-5.04126,-1.33252 -4.51874,-2.61627 -5.8963,-8.03751c0,-1.04876 7.42126,-1.42749 8.32385,-1.42749c14.36621,0 28.82495,-0.23748 43.14246,1.23749"
                            fill="#d2d2d1"
                            fillRule="evenodd"
                            id="path346"
                          />
                          <path
                            d="m473.63751,396.90875l-4.75622,-11.22497c10.94244,1.61624 22.26123,2.52124 32.86749,5.32623c3.37994,1.09625 2.33124,2.18875 2.28247,5.99502c-0.95001,0.95121 -8.22998,0.95121 -9.46503,0.95121l-20.92871,-1.04749"
                            fill="#d2d2d1"
                            fillRule="evenodd"
                            id="path348"
                          />
                          <path
                            d="m504.65253,397.95624c1.38,0 2.52002,0.57 4.23126,2.3775c2.76001,2.90124 1.38251,4.51877 0.47626,7.89624c-0.99878,3.56753 -0.33374,2.99628 -2.70997,6.51752c-1.47631,2.09375 -3.04632,2.3775 -5.66131,2.3775c-1.33118,0 -2.66126,-1.095 -2.37872,-2.3775l3.66247,-14.41376c0.28498,-1.28375 1.09375,-2.3775 2.38001,-2.3775"
                            fill="#8d8f93"
                            fillRule="evenodd"
                            id="path350"
                          />
                          <path
                            d="m504.88873,397.95624c1.33246,0.04626 2.71125,0.90253 4.04377,2.3775c0.47625,0.42752 0.76251,0.90375 0.99749,1.3775c1.90247,-2.80374 3.23627,-8.46499 0.66498,-8.60748c-2.2337,-0.23752 -3.23248,0.095 -4.23376,0.33249c-1.27869,0.23874 -1.89997,2.75876 -1.47248,4.51999"
                            fill="#8d8f93"
                            fillRule="evenodd"
                            id="path352"
                          />
                          <path
                            d="m417.32001,395.57752l2.94873,0c1.99505,0 3.66504,0.34249 3.66504,0.75372l0,2.72751c0,0.40875 -1.61884,0.75125 -3.66504,0.75125l-2.94873,0c-2.04499,0 -3.66382,-0.32874 -3.66382,-0.75125l0,-2.72751c0,-0.42374 1.61883,-0.75372 3.66382,-0.75372"
                            fill="#8d8f93"
                            fillRule="evenodd"
                            id="path354"
                          />
                          <path
                            d="m406.66754,378.5025l0.06244,2.23255c31.09125,0.09744 59.69501,0.18994 64.46002,1.00122l0,-0.09623c23.36878,2.85245 39.7525,9.46497 55.06128,8.03873c10.74249,-1.04501 13.22876,-7.37378 15.04126,-14.26874c5.50379,-20.74002 7.98999,-40.9563 7.98999,-61.41c0,-20.45123 -2.14874,-40.62 -7.92248,-61.31125c-1.88001,-6.84998 -4.29877,-13.17624 -15.10877,-14.2225c-15.30878,-1.47501 -31.62622,5.18374 -55.06128,7.99124l0,-0.04627l-8.72748,1.04502c-0.27002,0.665 -0.47125,1.38125 -0.47125,2.1875l8.46381,-1.09375c2.88495,22.30874 5.03241,43.95126 5.03241,65.54873c0,21.64002 -2.28247,43.23502 -5.10248,65.45002c-4.02875,-1.23627 -24.44122,-1.04627 -63.71747,-1.04627"
                            fill="#8d8f93"
                            fillRule="evenodd"
                            id="path358"
                          />
                          <path
                            d="m474.11627,262.96124c2.51624,21.69 3.94623,43.61875 2.94501,65.45124c-0.28504,12.89129 -1.80628,26.11502 -3.23248,38.95626c-0.47632,4.18625 -1.04755,8.42127 -1.57007,12.56003c15.22003,1.99747 30.15753,6.46872 45.42755,7.99121c6.94122,0.42877 15.31494,0.52252 19.31244,-6.13623c2.565,-4.51877 3.80499,-11.36874 4.89874,-16.41125c8.13257,-36.29373 7.56128,-76.24875 -2.28369,-112.11249c-1.33252,-4.75751 -2.80621,-9.03876 -7.46881,-11.36874c-8.51746,-3.61499 -21.16742,-0.90378 -29.91876,0.80624c-9.65497,2.19122 -19.87995,4.37872 -29.77991,5.52124c-0.18756,0.95001 0.33496,3.23248 0.42993,4.32623c0.42884,3.37751 0.85761,6.9925 1.24005,10.41626"
                            fill="#d2d2d1"
                            fillRule="evenodd"
                            id="path360"
                          />
                          <path
                            d="m558.02875,307.11374l-3.52619,-39.51373c-0.04382,-0.47254 0.77124,-1.07004 1.46991,-0.99003l7.72754,1.12623c0.9588,0.10504 1.6363,0.85751 1.66999,1.23376l3.31878,37.19254c0.03369,0.37747 -0.61004,0.91247 -1.46875,0.99246l-7.5675,0.67627c-0.86127,0.07501 -1.58246,-0.24375 -1.62378,-0.7175"
                            fill="#3b3b3c"
                            fillRule="evenodd"
                            id="path362"
                          />
                          <path
                            d="m571.81622,381.07126c-2,11.27124 5.89753,18.07376 18.1687,7.42001c3.94635,-3.47253 11.79505,-13.13 11.7013,-30.96628c-9.03876,2.42502 -28.25372,14.22129 -29.87,23.54627"
                            fill="#e9e8e8"
                            fillRule="evenodd"
                            id="path364"
                          />
                          <path
                            d="m77.43127,257.25372c0,-3.04626 -0.71377,-5.41998 -1.45126,-5.41998l-6.98749,0c-0.81375,0 -4.13125,3.42374 -4.18252,6.27875c-1.67621,23.06875 -2.845,39.47873 -2.845,56.03125c0,16.36249 1.13003,32.91751 2.83374,55.98624c0.05252,2.8525 3.38003,6.23129 4.19378,6.23129l6.98749,0c0.73749,0 1.43747,-2.37879 1.43747,-5.37503c-1.21747,-18.97873 -2.23746,-37.76749 -2.23746,-56.88748c0,-19.12504 0.49625,-37.86503 2.25125,-56.84504"
                            fill="#8d8f93"
                            fillRule="evenodd"
                            id="path368"
                          />
                          <path
                            d="m69.10248,252.30875c-1.85501,0.61749 -3.56751,4.04126 -3.80374,5.85c-1.04752,15.88626 -2.75876,32.20252 -2.75876,48.23249c-0.61875,21.16626 1.32999,42.62002 2.71127,63.69003c0.33121,1.75998 1.99622,5.18625 3.85123,5.80249l6.89752,0c1.71375,-3.47125 0.66748,-10.03626 0.38251,-13.74625c-0.95377,-18.21625 -2.09626,-36.91003 -1.61878,-55.17624c0,-16.6 0.85624,-33.20001 2.1875,-49.70755c-0.04876,-1.6662 -0.18997,-3.42245 -0.95123,-4.94497l-6.89752,0"
                            fill="#d2d2d1"
                            fillRule="evenodd"
                            id="path370"
                          />
                          <path
                            d="m35.82874,243.69876c2.2825,-11.60501 11.22503,-17.22003 24.06878,-16.74374l1.80747,0l1.23751,17.79126l-22.64376,-1.14252c-3.61249,16.0275 -5.09,43.04748 -5.09,70.25497c0,26.73001 1.2825,53.70252 5.04251,70.39627l22.64127,-1.09375l-1.23627,17.79127l-1.75873,0c-12.84375,0.47622 -21.78628,-5.13752 -24.06878,-16.74628c-3.04374,-14.83875 -3.80375,-42.52124 -3.80375,-70.20624c0,-23.06879 -0.76376,-47.85001 3.80375,-70.30124"
                            fill="#8d8f93"
                            fillRule="evenodd"
                            id="path372"
                          />
                          <path
                            d="m599.26251,358.33374l0,-0.14499l0.32996,0l-0.32996,0.14499zm-0.04999,-88.47498l0.37995,0.09626l-0.37995,0l0,-0.09626zm-21.69006,-35.38876c3.23755,-0.57251 7.51758,0.76248 12.55756,5.13873c3.80499,3.52002 11.60626,12.93625 11.69995,30.34629l0.47876,0c3.99377,12.27252 5.94256,26.2575 5.70752,42.09625l-0.04871,0l0.04871,0.28375c-0.04871,1.23749 -0.04871,2.47372 -0.09625,3.75873l0.19006,0c0.19116,15.84128 -1.71008,29.87253 -5.75501,42.095l-0.52508,0c-0.09369,17.45752 -7.84869,26.82999 -11.69995,30.3475c-5.03998,4.37751 -9.32001,5.75626 -12.51251,5.13877l-5.80127,6.80001c2.09375,-0.18753 3.9013,-0.42877 5.375,-0.66503c16.64746,-3.23624 28.2575,-8.94126 30.82501,-18.45374c4.94623,-17.59875 7.23004,-42.43002 7.23004,-67.35623c0,-0.66376 0,-1.28375 0,-1.94876l-0.05005,0c-0.09247,-24.2125 -2.37622,-48.13748 -7.17999,-65.21503c-2.56751,-9.50998 -14.17755,-15.21997 -30.82501,-18.45499c-1.52002,-0.28375 -3.32874,-0.47497 -5.41999,-0.66372l5.80121,6.75247"
                            fill="#8d8f93"
                            fillRule="evenodd"
                            id="path374"
                          />
                          <path
                            d="m493.66498,229.67127l-66.40253,3.46249c-8.42126,0.42999 -13.27374,2.39001 -13.74878,4.25125l-1.42615,5.48999c-0.28503,1.14377 3.80378,1.94751 9.94379,1.94751l12.84125,0c13.88745,0 25.30371,-0.51126 33.53503,-1.7525l26.39746,-3.99124c5.75623,-0.85626 9.84748,-2.065 9.79871,-3.52375l-0.09625,-4.61001c0,-0.88251 -5.94367,-1.53375 -10.84247,-1.27374"
                            fill="#8d8f93"
                            fillRule="evenodd"
                            id="path376"
                          />
                          <path
                            d="m464.02997,243.12875l4.945,-11.70248l-41.66748,2.1875c-2.945,0.14123 -5.94256,0.57123 -8.84753,1.28375c-5.04126,1.33374 -4.51874,2.61749 -5.8963,8.03876c0,1.0487 7.42126,1.42624 8.32385,1.42624c14.36621,0 28.82495,0.23874 43.14246,-1.23377"
                            fill="#d2d2d1"
                            fillRule="evenodd"
                            id="path378"
                          />
                          <path
                            d="m473.63751,231.1875l-4.75622,11.22748c10.94244,-1.6175 22.26123,-2.52249 32.86749,-5.32874c3.37994,-1.09125 2.33124,-2.18875 2.28247,-5.99252c-0.95001,-0.95123 -8.22998,-0.95123 -9.46503,-0.95123l-20.92871,1.04501"
                            fill="#d2d2d1"
                            fillRule="evenodd"
                            id="path380"
                          />
                          <path
                            d="m504.69995,230.19125c1.37878,0 2.52252,-0.57126 4.23255,-2.38125c2.75744,-2.90003 1.37872,-4.51874 0.47625,-7.89502c-1.00006,-3.56623 -0.33374,-2.99747 -2.71124,-6.51496c-1.47376,-2.09378 -3.04627,-2.37878 -5.66126,-2.37878c-1.33374,0 -2.66381,1.09375 -2.38006,2.37878l3.66382,14.40998c0.28497,1.2875 1.09625,2.38125 2.37994,2.38125"
                            fill="#8d8f93"
                            fillRule="evenodd"
                            id="path382"
                          />
                          <path
                            d="m504.9375,230.19125c1.33002,-0.04876 2.71375,-0.90628 4.04126,-2.38125c0.47876,-0.42752 0.76251,-0.90247 1.00122,-1.3775c1.90253,2.80624 3.23627,8.46502 0.66626,8.60748c-2.23755,0.24005 -3.2362,-0.09372 -4.23627,-0.33121c-1.28125,-0.23877 -1.90246,-2.75876 -1.47247,-4.51752"
                            fill="#8d8f93"
                            fillRule="evenodd"
                            id="path384"
                          />
                          <path
                            d="m417.36499,232.56751l2.95129,0c1.99878,0 3.6637,-0.34128 3.6637,-0.75251l0,-2.73001c0,-0.40497 -1.61871,-0.74875 -3.6637,-0.74875l-2.95129,0c-2.04376,0 -3.66126,0.32999 -3.66126,0.74875l0,2.73001c0,0.42374 1.6175,0.75251 3.66126,0.75251"
                            fill="#8d8f93"
                            fillRule="evenodd"
                            id="path386"
                          />
                          <path
                            d="m571.81622,247.0275c-2,-11.27253 5.89753,-18.07499 18.1687,-7.41877c3.94635,3.47251 11.79505,13.12748 11.7013,30.965c-9.03876,-2.42499 -28.25372,-14.22372 -29.87,-23.54623"
                            fill="#e9e8e8"
                            fillRule="evenodd"
                            id="path390"
                          />
                          <path
                            d="m598.90125,354.76623c1.635,-0.47372 2.45379,-1.04748 3.31127,-2.56997c0.57245,-0.95001 1.49122,-2.57001 1.57373,-5.32749c1.83881,-7.99002 2.83747,-20.31002 2.83747,-32.67752c0,-12.36752 -1.305,-24.68628 -2.81745,-32.63c-0.08124,-2.71124 -1.00128,-4.33002 -1.57501,-5.32749c-0.85748,-1.52127 -1.67505,-2.09252 -3.31122,-2.52002c3.10742,13.31873 4.06745,26.63501 4.39496,39.90748c0.34876,13.88879 -2.16376,28.82379 -4.41376,41.14502"
                            fill="#3b3b3c"
                            fillRule="evenodd"
                            id="path404"
                          />
                          <path
                            d="m606.44122,314.23874c0,3.11749 -0.75622,5.66 -1.68744,5.66c-0.93127,0 -1.68628,-2.54251 -1.68628,-5.66c0,-3.11624 0.75501,-5.66122 1.68628,-5.66122c0.93122,0 1.68744,2.54498 1.68744,5.66122"
                            fill="#e9e8e8"
                            fillRule="evenodd"
                            id="path406"
                          />
                          <path
                            d="m161.03622,383.19003l224.65,0.49872l0,-0.01874l-224.65,-0.5"
                            fill="#211d1d"
                            fillRule="nonzero"
                            id="path866"
                          />
                          <path
                            d="m385.68622,383.68875c3.59253,0 6.375,0.13248 8.25873,0.43997c1.88501,0.30753 2.86633,0.79505 2.86383,1.48877l0.01874,0c-0.00757,-1.42749 -3.95502,-1.945 -11.1413,-1.94751l0,0.01877"
                            fill="#211d1d"
                            fillRule="nonzero"
                            id="path868"
                          />
                          <path
                            d="m396.80878,390.13251l0.01898,0l0,-4.51465l-0.01898,0l0,4.51465z"
                            fill="#211d1d"
                            fillRule="nonzero"
                            id="path870"
                          />
                          <path
                            d="m396.80878,390.13251c0,0.99624 -0.84882,2.28 -4.12873,2.9425l0.00373,0.01874c3.28375,-0.66251 4.14374,-1.95126 4.14374,-2.96124l-0.01874,0"
                            fill="#211d1d"
                            fillRule="nonzero"
                            id="path872"
                          />
                          <path
                            d="m392.68005,393.07501l-13.98498,2.89749l0.00372,0.01874l13.98499,-2.89749"
                            fill="#211d1d"
                            fillRule="nonzero"
                            id="path874"
                          />
                          <path
                            d="m378.69507,395.9725c-5.8913,1.21 -7.85877,1.53376 -19.77753,1.53376c-0.40375,0 -0.8175,0 -1.24377,-0.00126l0,0.01999c0.42627,0 0.84002,0 1.24377,0c11.91876,0 13.88995,-0.32373 19.78125,-1.53375l-0.00372,-0.01874"
                            fill="#211d1d"
                            fillRule="nonzero"
                            id="path876"
                          />
                          <path
                            d="m357.67377,397.505l-197.87503,-0.38375l0,0.01873l197.87503,0.38501"
                            fill="#211d1d"
                            fillRule="nonzero"
                            id="path878"
                          />
                          <path
                            d="m285.02997,380.64249l0.52502,20.35876l0.01874,0l-0.52502,-20.35876"
                            fill="#211d1d"
                            fillRule="nonzero"
                            id="path880"
                          />
                          <path
                            d="m593.37628,357.6575c-16.49872,2.85498 -31.73498,6.565 -45.61871,11.27374l0.00622,0.01874c13.88251,-4.70999 29.1175,-8.41873 45.61622,-11.27249l-0.00373,-0.01999"
                            fill="#211d1d"
                            fillRule="nonzero"
                            id="path882"
                          />
                          <path
                            d="m571.93878,382.05875c-12.44006,2.33496 -26.98755,4.08496 -35.42883,4.08496c-2.04993,0 -3.73999,-0.10373 -4.95123,-0.32624l-0.00373,0.01877c1.21375,0.22248 2.90503,0.32624 4.95496,0.32624c8.44379,0 22.99127,-1.75 35.43255,-4.08503l-0.00372,-0.0187"
                            fill="#211d1d"
                            fillRule="nonzero"
                            id="path884"
                          />
                          <path
                            d="m406.74878,400.95252l0.01849,0l0,-22.45026l-0.01849,0l0,22.45026z"
                            fill="#211d1d"
                            fillRule="nonzero"
                            id="path888"
                          />
                          <path
                            d="m401.94751,400.95252l0.02002,0l0,-90.42292l-0.02002,0l0,90.42292z"
                            fill="#211d1d"
                            fillRule="nonzero"
                            id="path890"
                          />
                          <path
                            d="m160.22751,380.745l246.44003,0l0,-0.01999l-246.44003,0l0,0.01999z"
                            fill="#211d1d"
                            fillRule="nonzero"
                            id="path894"
                          />
                          <path
                            d="m160.22751,378.46375l246.44003,0l0,-0.01899l-246.44003,0l0,0.01899z"
                            fill="#211d1d"
                            fillRule="nonzero"
                            id="path896"
                          />
                          <path
                            d="m516.86499,389.10748l-1.28253,12.17752l0.0188,0.00123l1.28247,-12.17749"
                            fill="#211d1d"
                            fillRule="nonzero"
                            id="path898"
                          />
                          <path
                            d="m161.03622,244.92502l224.65,-0.49625l0,-0.01877l-224.65,0.49625"
                            fill="#211d1d"
                            fillRule="nonzero"
                            id="path900"
                          />
                          <path
                            d="m385.68622,244.42877c7.18628,-0.00253 11.13373,-0.52252 11.14129,-1.94626l-0.01873,0c0.0025,0.69251 -0.97882,1.17874 -2.86383,1.48624c-1.88373,0.30878 -4.6662,0.44125 -8.25873,0.44125l0,0.01877"
                            fill="#211d1d"
                            fillRule="nonzero"
                            id="path902"
                          />
                          <path
                            d="m396.80878,242.48251l0.01898,0l0,-4.51855l-0.01898,0l0,4.51855z"
                            fill="#211d1d"
                            fillRule="nonzero"
                            id="path904"
                          />
                          <path
                            d="m396.82752,237.96378c0,-1.00876 -0.85999,-2.29627 -4.14374,-2.96003l-0.00373,0.01877c3.27991,0.66376 4.12873,1.94626 4.12873,2.94126l0.01874,0"
                            fill="#211d1d"
                            fillRule="nonzero"
                            id="path906"
                          />
                          <path
                            d="m392.68378,235.00375l-13.98499,-2.89627l-0.00372,0.01877l13.98498,2.89624"
                            fill="#211d1d"
                            fillRule="nonzero"
                            id="path908"
                          />
                          <path
                            d="m378.69879,232.10748c-5.8725,-1.20498 -7.85125,-1.53375 -19.67248,-1.53375c-0.43756,0 -0.88751,0 -1.35254,0.00128l0,0.01874c0.46503,-0.00128 0.91498,-0.00128 1.35254,-0.00128c11.82245,0 13.7962,0.32877 19.66876,1.53378l0.00372,-0.01877"
                            fill="#211d1d"
                            fillRule="nonzero"
                            id="path910"
                          />
                          <path
                            d="m357.67377,230.57501l-197.87503,0.38251l0,0.01871l197.87503,-0.38248"
                            fill="#211d1d"
                            fillRule="nonzero"
                            id="path912"
                          />
                          <path
                            d="m285.09875,247.4075l0.52124,-20.31122l-0.01873,0l-0.52253,20.31122"
                            fill="#211d1d"
                            fillRule="nonzero"
                            id="path914"
                          />
                          <path
                            d="m593.38,270.42123c-16.49871,-2.85372 -31.73376,-6.56375 -45.61621,-11.27249l-0.00622,0.01749c13.88373,4.70877 29.11993,8.41998 45.61871,11.27377l0.00372,-0.01877"
                            fill="#211d1d"
                            fillRule="nonzero"
                            id="path916"
                          />
                          <path
                            d="m571.9425,246.01999c-12.44128,-2.33377 -26.98877,-4.08374 -35.43255,-4.08374c-2.05121,0 -3.74121,0.10251 -4.95496,0.32623l0.00373,0.01877c1.21124,-0.2225 2.90124,-0.32629 4.95123,-0.32629c8.44128,0 22.98877,1.75006 35.42883,4.08377l0.00372,-0.01874"
                            fill="#211d1d"
                            fillRule="nonzero"
                            id="path918"
                          />
                          <path
                            d="m406.79999,249.64377l0.01898,0l0,-22.44977l-0.01898,0l0,22.44977z"
                            fill="#211d1d"
                            fillRule="nonzero"
                            id="path922"
                          />
                          <path
                            d="m160.22751,247.37122l246.44003,0l0,-0.0185l-246.44003,0l0,0.0185z"
                            fill="#211d1d"
                            fillRule="nonzero"
                            id="path926"
                          />
                          <path
                            d="m160.22751,249.65375l246.44003,0l0,-0.01999l-246.44003,0l0,0.01999z"
                            fill="#211d1d"
                            fillRule="nonzero"
                            id="path928"
                          />
                          <path
                            d="m516.93372,239.035l-1.28504,-12.17498l-0.01874,0.00122l1.28498,12.1763"
                            fill="#211d1d"
                            fillRule="nonzero"
                            id="path930"
                          />
                          <path
                            d="m597.76373,358.90625c3.37128,-13.09375 5.74372,-27.20499 5.74372,-43.88126c0,-1.73874 -0.02625,-3.50622 -0.07874,-5.30371l-0.02002,0.00122c0.05383,1.79627 0.07874,3.56375 0.07874,5.30249c0,16.67502 -2.37122,30.78379 -5.7425,43.87629l0.0188,0.00497"
                            fill="#211d1d"
                            fillRule="nonzero"
                            id="path952"
                          />
                          <path
                            d="m597.69873,269.57752c3.36999,13.09121 5.74127,27.195 5.74127,43.86621c0,1.74252 -0.02624,3.51254 -0.08002,5.3125l0.01996,0c0.05249,-1.79996 0.07874,-3.56998 0.07874,-5.3125c0,-16.67249 -2.37122,-30.77872 -5.74121,-43.87122l-0.01874,0.00501"
                            fill="#211d1d"
                            fillRule="nonzero"
                            id="path954"
                          />
                          <rect
                            fill="#d2d2d1"
                            height="13.03354"
                            id="rect4902"
                            ry="6.51677"
                            transform="matrix(1.25,0,0,1.25,0,750) "
                            width="248.53607"
                            x="69.7219"
                            y="-413.62197"
                          />
                          <path
                            d="m331.02869,238.73853l0.005,4.88616c0.00372,3.30918 0.22778,6.0644 0.49512,6.06269l1.77447,-0.01126c0.26319,-0.00122 0.48401,-2.6832 0.48066,-6.06891l-0.00501,-4.8862c-0.00372,-3.38367 -0.22052,-6.06027 -0.49268,-6.05854l-1.77447,0.01126c-0.27545,0.0012 -0.48645,2.68113 -0.48309,6.06479"
                            fill="#8d8f93"
                            fillRule="evenodd"
                            id="path386-4-4"
                          />
                          <path
                            d="m371.07471,239.0986l0.00506,4.88617c0.00373,3.30918 0.22779,6.06433 0.49506,6.06262l1.77447,-0.01123c0.26325,-0.00119 0.48407,-2.68316 0.48072,-6.06894l-0.00507,-4.88614c-0.00372,-3.38366 -0.22046,-6.06027 -0.49261,-6.05853l-1.77454,0.01126c-0.27539,0.00116 -0.48645,2.68112 -0.48309,6.06479"
                            fill="#8d8f93"
                            fillRule="evenodd"
                            id="path386-4-4-6"
                          />
                          <path
                            d="m291.883,238.87537l0.005,4.72491c0.00378,3.20001 0.22784,5.86426 0.49512,5.86264l1.77447,-0.01126c0.26325,-0.00116 0.48401,-2.5946 0.48065,-5.86868l-0.005,-4.72495c-0.00372,-3.272 -0.22046,-5.86032 -0.49268,-5.85864l-1.77447,0.01126c-0.27539,0.00116 -0.48645,2.59265 -0.48309,5.86472"
                            fill="#8d8f93"
                            fillRule="evenodd"
                            id="path386-4-4-4"
                          />
                          <path
                            d="m251.12079,239.04361l0.005,4.72494c0.00373,3.20002 0.22785,5.86426 0.49512,5.86258l1.77448,-0.01123c0.26324,-0.0011 0.484,-2.59463 0.48065,-5.86868l-0.00501,-4.72494c-0.00372,-3.27204 -0.22046,-5.86033 -0.49267,-5.85862l-1.77448,0.01126c-0.27539,0.0011 -0.48645,2.59266 -0.48309,5.86469"
                            fill="#8d8f93"
                            fillRule="evenodd"
                            id="path386-4-4-4-0"
                          />
                          <path
                            d="m211.23367,239.04361l0.00501,4.72494c0.00375,3.20002 0.22781,5.86426 0.49512,5.86258l1.77444,-0.01123c0.26325,-0.0011 0.48404,-2.59463 0.48068,-5.86868l-0.005,-4.72494c-0.00373,-3.27204 -0.22049,-5.86033 -0.49268,-5.85862l-1.77447,0.01126c-0.27542,0.0011 -0.48645,2.59266 -0.4831,5.86469"
                            fill="#8d8f93"
                            fillRule="evenodd"
                            id="path386-4-4-4-2"
                          />
                          <path
                            d="m171.23367,239.04361l0.00501,4.72494c0.00375,3.20002 0.22781,5.86426 0.49512,5.86258l1.77444,-0.01123c0.26325,-0.0011 0.48404,-2.59463 0.48068,-5.86868l-0.005,-4.72494c-0.00373,-3.27204 -0.22049,-5.86033 -0.49268,-5.85862l-1.77447,0.01126c-0.27542,0.0011 -0.48645,2.59266 -0.4831,5.86469"
                            fill="#8d8f93"
                            fillRule="evenodd"
                            id="path386-4-4-4-2-9"
                          />
                          <rect
                            fill="#d2d2d1"
                            height="13.03354"
                            id="rect4902-7"
                            ry="6.51677"
                            transform="matrix(1.25,0,0,1.25,0,750) "
                            width="249.43494"
                            x="68.82303"
                            y="-296.02196"
                          />
                          <path
                            d="m331.02869,385.73856l0.005,4.88614c0.00372,3.3092 0.22778,6.06436 0.49512,6.06265l1.77447,-0.01126c0.26319,-0.00119 0.48401,-2.68317 0.48066,-6.06891l-0.00501,-4.88614c-0.00372,-3.38373 -0.22052,-6.0603 -0.49268,-6.05856l-1.77447,0.01123c-0.27545,0.00122 -0.48645,2.68115 -0.48309,6.06485"
                            fill="#8d8f93"
                            fillRule="evenodd"
                            id="path386-4-4-43"
                          />
                          <path
                            d="m371.07471,386.0986l0.00506,4.88614c0.00373,3.30921 0.22779,6.06439 0.49506,6.06265l1.77447,-0.01126c0.26325,-0.00119 0.48407,-2.68313 0.48072,-6.06891l-0.00507,-4.88616c-0.00372,-3.38367 -0.22046,-6.06025 -0.49268,-6.05854l-1.77447,0.01126c-0.27539,0.00122 -0.48645,2.68113 -0.48309,6.06482"
                            fill="#8d8f93"
                            fillRule="evenodd"
                            id="path386-4-4-6-7"
                          />
                          <path
                            d="m291.883,385.87537l0.005,4.72494c0.00378,3.20001 0.22784,5.86426 0.49512,5.86261l1.77447,-0.01123c0.26325,-0.00113 0.48407,-2.59463 0.48072,-5.86868l-0.00501,-4.72495c-0.00378,-3.27203 -0.22052,-5.86032 -0.49274,-5.85861l-1.77441,0.0112c-0.27545,0.00116 -0.48651,2.59271 -0.48315,5.86472"
                            fill="#8d8f93"
                            fillRule="evenodd"
                            id="path386-4-4-4-5"
                          />
                          <path
                            d="m251.12079,386.04358l0.005,4.72494c0.00373,3.20002 0.22785,5.86426 0.49512,5.86261l1.77448,-0.01126c0.26324,-0.0011 0.48407,-2.5946 0.48071,-5.86865l-0.00501,-4.72494c-0.00378,-3.27207 -0.22052,-5.86032 -0.49273,-5.85865l-1.77442,0.01126c-0.27545,0.00113 -0.48651,2.59266 -0.48315,5.86469"
                            fill="#8d8f93"
                            fillRule="evenodd"
                            id="path386-4-4-4-0-6"
                          />
                          <path
                            d="m211.23367,386.04358l0.00501,4.72494c0.00375,3.20002 0.22781,5.86426 0.49512,5.86261l1.77444,-0.01126c0.26325,-0.0011 0.48404,-2.5946 0.48068,-5.86865l-0.005,-4.72494c-0.00373,-3.27207 -0.22049,-5.86032 -0.49268,-5.85865l-1.77447,0.01126c-0.27542,0.00113 -0.48645,2.59266 -0.4831,5.86469"
                            fill="#8d8f93"
                            fillRule="evenodd"
                            id="path386-4-4-4-2-8"
                          />
                          <path
                            d="m171.23367,386.04358l0.00501,4.72494c0.00375,3.20002 0.22781,5.86426 0.49512,5.86261l1.77444,-0.01126c0.26325,-0.0011 0.48404,-2.5946 0.48068,-5.86865l-0.005,-4.72494c-0.00373,-3.27207 -0.22049,-5.86032 -0.49268,-5.85865l-1.77447,0.01126c-0.27542,0.00113 -0.48645,2.59266 -0.4831,5.86469"
                            fill="#8d8f93"
                            fillRule="evenodd"
                            id="path386-4-4-4-2-9-1"
                          />
                        </g>
                      </g>
                    </svg>
                  </BusIcon>
                </div>
              </StyledComponent>
            </SpaceCell>
            <SpaceCell
              key="1,0"
            >
              <StyledComponent
                forwardedComponent={
                  Object {
                    "$$typeof": Symbol(react.forward_ref),
                    "attrs": Array [],
                    "componentStyle": ComponentStyle {
                      "componentId": "SpaceCell-cxtDte",
                      "isStatic": false,
                      "lastClassName": "cVNXeV",
                      "rules": Array [
                        "height:100%;min-width:0;grid-column-end:",
                        [Function],
                        ";grid-row-end:",
                        [Function],
                        ";",
                        [Function],
                        ";",
                        [Function],
                        ";",
                        [Function],
                        ";",
                        [Function],
                        ";",
                        [Function],
                        ";",
                        "background-color:lightblue;",
                      ],
                    },
                    "displayName": "SpaceCell",
                    "foldedComponentIds": Array [
                      "Cell__Cell-jsYrZv",
                    ],
                    "propTypes": Object {
                      "area": [Function],
                      "center": [Function],
                      "className": [Function],
                      "height": [Function],
                      "left": [Function],
                      "middle": [Function],
                      "top": [Function],
                      "width": [Function],
                    },
                    "render": [Function],
                    "styledComponentId": "SpaceCell-cxtDte",
                    "target": "div",
                    "toString": [Function],
                    "warnTooManyClasses": [Function],
                    "withComponent": [Function],
                  }
                }
                forwardedRef={null}
              >
                <div
                  className="Cell__Cell-jsYrZv SpaceCell-cxtDte cVNXeV"
                />
              </StyledComponent>
            </SpaceCell>
            <SpaceCell
              key="2,0"
            >
              <StyledComponent
                forwardedComponent={
                  Object {
                    "$$typeof": Symbol(react.forward_ref),
                    "attrs": Array [],
                    "componentStyle": ComponentStyle {
                      "componentId": "SpaceCell-cxtDte",
                      "isStatic": false,
                      "lastClassName": "cVNXeV",
                      "rules": Array [
                        "height:100%;min-width:0;grid-column-end:",
                        [Function],
                        ";grid-row-end:",
                        [Function],
                        ";",
                        [Function],
                        ";",
                        [Function],
                        ";",
                        [Function],
                        ";",
                        [Function],
                        ";",
                        [Function],
                        ";",
                        "background-color:lightblue;",
                      ],
                    },
                    "displayName": "SpaceCell",
                    "foldedComponentIds": Array [
                      "Cell__Cell-jsYrZv",
                    ],
                    "propTypes": Object {
                      "area": [Function],
                      "center": [Function],
                      "className": [Function],
                      "height": [Function],
                      "left": [Function],
                      "middle": [Function],
                      "top": [Function],
                      "width": [Function],
                    },
                    "render": [Function],
                    "styledComponentId": "SpaceCell-cxtDte",
                    "target": "div",
                    "toString": [Function],
                    "warnTooManyClasses": [Function],
                    "withComponent": [Function],
                  }
                }
                forwardedRef={null}
              >
                <div
                  className="Cell__Cell-jsYrZv SpaceCell-cxtDte cVNXeV"
                />
              </StyledComponent>
            </SpaceCell>
            <SpaceCell
              key="3,0"
            >
              <StyledComponent
                forwardedComponent={
                  Object {
                    "$$typeof": Symbol(react.forward_ref),
                    "attrs": Array [],
                    "componentStyle": ComponentStyle {
                      "componentId": "SpaceCell-cxtDte",
                      "isStatic": false,
                      "lastClassName": "cVNXeV",
                      "rules": Array [
                        "height:100%;min-width:0;grid-column-end:",
                        [Function],
                        ";grid-row-end:",
                        [Function],
                        ";",
                        [Function],
                        ";",
                        [Function],
                        ";",
                        [Function],
                        ";",
                        [Function],
                        ";",
                        [Function],
                        ";",
                        "background-color:lightblue;",
                      ],
                    },
                    "displayName": "SpaceCell",
                    "foldedComponentIds": Array [
                      "Cell__Cell-jsYrZv",
                    ],
                    "propTypes": Object {
                      "area": [Function],
                      "center": [Function],
                      "className": [Function],
                      "height": [Function],
                      "left": [Function],
                      "middle": [Function],
                      "top": [Function],
                      "width": [Function],
                    },
                    "render": [Function],
                    "styledComponentId": "SpaceCell-cxtDte",
                    "target": "div",
                    "toString": [Function],
                    "warnTooManyClasses": [Function],
                    "withComponent": [Function],
                  }
                }
                forwardedRef={null}
              >
                <div
                  className="Cell__Cell-jsYrZv SpaceCell-cxtDte cVNXeV"
                />
              </StyledComponent>
            </SpaceCell>
            <SpaceCell
              key="4,0"
            >
              <StyledComponent
                forwardedComponent={
                  Object {
                    "$$typeof": Symbol(react.forward_ref),
                    "attrs": Array [],
                    "componentStyle": ComponentStyle {
                      "componentId": "SpaceCell-cxtDte",
                      "isStatic": false,
                      "lastClassName": "cVNXeV",
                      "rules": Array [
                        "height:100%;min-width:0;grid-column-end:",
                        [Function],
                        ";grid-row-end:",
                        [Function],
                        ";",
                        [Function],
                        ";",
                        [Function],
                        ";",
                        [Function],
                        ";",
                        [Function],
                        ";",
                        [Function],
                        ";",
                        "background-color:lightblue;",
                      ],
                    },
                    "displayName": "SpaceCell",
                    "foldedComponentIds": Array [
                      "Cell__Cell-jsYrZv",
                    ],
                    "propTypes": Object {
                      "area": [Function],
                      "center": [Function],
                      "className": [Function],
                      "height": [Function],
                      "left": [Function],
                      "middle": [Function],
                      "top": [Function],
                      "width": [Function],
                    },
                    "render": [Function],
                    "styledComponentId": "SpaceCell-cxtDte",
                    "target": "div",
                    "toString": [Function],
                    "warnTooManyClasses": [Function],
                    "withComponent": [Function],
                  }
                }
                forwardedRef={null}
              >
                <div
                  className="Cell__Cell-jsYrZv SpaceCell-cxtDte cVNXeV"
                />
              </StyledComponent>
            </SpaceCell>
          </div>
        </StyledComponent>
      </CarparkGrid>
    </Carpark>
  </Connect(Carpark)>
</Provider>
`;
